// Jest Snapshot v1, https://goo.gl/fbAQLP

exports[`renders 1`] = `
Object {
  "$el": "<div><div class=\\"Loading Loading--hasNoMessage\\"><span></span></div><ol class=\\"TrackList\\"></ol><!----></div>",
}
`;
