// Jest Snapshot v1, https://goo.gl/fbAQLP

exports[`renders 1`] = `
Object {
  "$el": "<div class=\\"ytplayer\\"></div>",
}
`;
